// Jest Snapshot v1, https://goo.gl/fbAQLP

exports[`Probando el GifGridItem Prueba de snapshot del componente 1`] = `
<div
  className="card animate__animated animate__fadeInDown"
>
  <img
    alt="Titulo"
    src="www.google.com"
  />
  <p>
    Titulo
  </p>
</div>
`;
